background_partial
background_partial_x2
intro11d
intro11c
intro10c
canvas
CircleEffect8
blue_glow_shadow
blueringsword_hilite
ring11
dust_glow_shadow_desat
pause2
stick2_hilite
stick2
bluering
blueringfirepotion_opaq
magic2_opaq
blueringsword
ring12
health_small_shadow2
health_bar_7
Machine12
Shadow_Machine1
Shadow_Machine2
TentRed
Shadow_Tent
TentSmall
Shadow_Market
MarketSmall
Crate3
OriginalArch
Shadow_TopWall
LavaColumn0
Shadow_TopInCorner
WallTypesA_9
WallTypesB_9
Shadow_TopOutCorner
Shadow_Crease
Floor_IceAlt
Floor_Ice
StoneGrassFloor4
StoneGrassFloor3
Baked_DownStairs_9
Shadows
Baked_UpStairsL_9
Black
FloorStone3_14
Top2
DoorSide2
DoorSide1
DoorLockPlain
SeekerBewareWhite
PotionBlack
PotionWhite
PotionCyan
PotionOrange
PotionPurple
PotionYellow
PotionGreen
PotionBlue
PotionRed
Book7
Book8
Book9
Book10
Book11
ShadowPotion
keySq128Blue
keySq128Yellow
keySq128Green
keySq128Red
keySq128White
goldpieces5
BrokenBarrel2
Barrel
GeneratorGhost2
Spider5
Spider4
Spider3
Spider2
Spider1
Spider0_hurt
Necro2
Necro1_hurt
blue_glow
skeleton_10_ds
skeleton_09_ds
skeleton_04_ds
skeleton_08_ds
skeleton_02
skeleton_07_ds
skel_dead
skeleton_03
skeleton_03_hurt
skel_shield_dead
skelweapon_01small
skeleton_05_ds
barbarian01_hurt
axe
barbarian01
shadow
blue_glow_full
white_glow_full
white_glow_hurt
Necro6
arachnarex_hurt
arachnarex
GeneratorGhost1
quinotaur4
white
quinotaur2
blank
amaranthring
CD1
clock
BookIce
BookFire
BookQuest
PotionIce
PotionFire
DoorLockPlainRed
DoorLockPlainBlue
BlueSelectorOpaqueSat2AlphaX
RedSelectorOpaqueSat2Alpha
panorama_segmented
intro10c_map_256sq
trailerTitle0a_partial
trailerTitle2_partial
background_partial
trailerTitle0a_partial
trailerTitle2_partial
border3_3_bw
border3_3
RelicLogoInGame_x2
background_partial
panorama_segmented3
darkborder
FutureTop
Baked_UpStairsL_11
Baked_DownStairs_11
TileFloor10
TileFloor10Alt
Stone12
Stone12Alt
WallTypesB_11
WallTypesA_11
AlienArch
MapOutsideSmall
health_small_shadow3
fire1
dropshadow
red2
health_border
blue2
green2
barb-icon64
shield1
green_glow3
fire2
magic2_opaq_hilite
CylinderEffect2Small
blueringfirepotion_opaq_hilite
yellow_glow3
FireSelectorOpaqueSat2
yellow2
purple_glow_full2
BlueSelectorOpaqueSat2Alpha
BlueSelectorOpaqueSat2
border88_dark
